19:33:38 **** Incremental Build of configuration Debug for project test1 ****
make all 
make --no-print-directory pre-build
a9-linaro-pre-build-step
' '
make --no-print-directory main-build
'Building file: ../src/main.c'
'Invoking: ARM v7 gcc compiler'
arm-none-eabi-gcc -Wall -O0 -g3 -c -fmessage-length=0 -MT"src/main.o" -mcpu=cortex-a9 -mfpu=vfpv3 -mfloat-abi=hard -IE:/fpga_proj/ps/axi4_ddr_rw/vitis/axi4_ddr_rw/export/axi4_ddr_rw/sw/axi4_ddr_rw/standalone_domain/bspinclude/include -MMD -MP -MF"src/main.d" -MT"src/main.o" -o "src/main.o" "../src/main.c"
'Finished building: ../src/main.c'
' '
'Building target: test1.elf'
'Invoking: ARM v7 gcc linker'
arm-none-eabi-gcc -mcpu=cortex-a9 -mfpu=vfpv3 -mfloat-abi=hard -Wl,-build-id=none -specs=Xilinx.spec -Wl,-T -Wl,../src/lscript.ld -LE:/fpga_proj/ps/axi4_ddr_rw/vitis/axi4_ddr_rw/export/axi4_ddr_rw/sw/axi4_ddr_rw/standalone_domain/bsplib/lib -o "test1.elf"  ./src/main.o   -Wl,--start-group,-lxil,-lgcc,-lc,--end-group
'Finished building target: test1.elf'
' '
'Invoking: ARM v7 Print Size'
arm-none-eabi-size test1.elf  |tee "test1.elf.size"
   text	   data	    bss	    dec	    hex	filename
  64660	   2550	  22640	  89850	  15efa	test1.elf
'Finished building: test1.elf.size'
' '

19:33:39 Build Finished (took 682ms)

