17:20:38 **** Build of configuration Debug for project test ****
make all 
make --no-print-directory pre-build
a9-linaro-pre-build-step
' '
make --no-print-directory main-build
'Building file: ../src/main.c'
'Invoking: ARM v7 gcc compiler'
arm-none-eabi-gcc -Wall -O0 -g3 -c -fmessage-length=0 -MT"src/main.o" -mcpu=cortex-a9 -mfpu=vfpv3 -mfloat-abi=hard -IE:/FPGA_DEMO/zedboard/oled/vitis/oled/export/oled/sw/oled/standalone_domain/bspinclude/include -MMD -MP -MF"src/main.d" -MT"src/main.o" -o "src/main.o" "../src/main.c"
../src/main.c: In function 'main':
../src/main.c:5:23: warning: pointer targets in passing argument 3 of 'show_string_16' differ in signedness [-Wpointer-sign]
    5 |  show_string_16(0, 0, "ABCDEFGHIGKLMNOPQRSTUVWXYZ1234567");
      |                       ^~~~~~~~~~~~~~~~~~~~~~~~~~~~~~~~~~~
      |                       |
      |                       char *
In file included from ../src/main.c:1:
../src/oled.h:53:37: note: expected 'u8 *' {aka 'unsigned char *'} but argument is of type 'char *'
   53 | void show_string_16(u8 x, u8 y, u8* string);
      |                                 ~~~~^~~~~~
'Finished building: ../src/main.c'
' '
'Building file: ../src/oled.c'
'Invoking: ARM v7 gcc compiler'
arm-none-eabi-gcc -Wall -O0 -g3 -c -fmessage-length=0 -MT"src/oled.o" -mcpu=cortex-a9 -mfpu=vfpv3 -mfloat-abi=hard -IE:/FPGA_DEMO/zedboard/oled/vitis/oled/export/oled/sw/oled/standalone_domain/bspinclude/include -MMD -MP -MF"src/oled.d" -MT"src/oled.o" -o "src/oled.o" "../src/oled.c"
'Finished building: ../src/oled.c'
' '
'Building target: test.elf'
'Invoking: ARM v7 gcc linker'
arm-none-eabi-gcc -mcpu=cortex-a9 -mfpu=vfpv3 -mfloat-abi=hard -Wl,-build-id=none -specs=Xilinx.spec -Wl,-T -Wl,../src/lscript.ld -LE:/FPGA_DEMO/zedboard/oled/vitis/oled/export/oled/sw/oled/standalone_domain/bsplib/lib -o "test.elf"  ./src/main.o ./src/oled.o   -Wl,--start-group,-lxil,-lgcc,-lc,--end-group
'Finished building target: test.elf'
' '
'Invoking: ARM v7 Print Size'
arm-none-eabi-size test.elf  |tee "test.elf.size"
   text	   data	    bss	    dec	    hex	filename
  23752	   1144	  23592	  48488	   bd68	test.elf
'Finished building: test.elf.size'
' '

17:20:39 Build Finished (took 1s.556ms)

