19:24:14 **** Incremental Build of configuration Debug for project test1 ****
make all 
make --no-print-directory pre-build
a9-linaro-pre-build-step
' '
make --no-print-directory main-build
'Building file: ../src/main.c'
'Invoking: ARM v7 gcc compiler'
arm-none-eabi-gcc -Wall -O0 -g3 -c -fmessage-length=0 -MT"src/main.o" -mcpu=cortex-a9 -mfpu=vfpv3 -mfloat-abi=hard -IE:/fpga_proj/ps/oled/vitis/oled/export/oled/sw/oled/standalone_domain/bspinclude/include -MMD -MP -MF"src/main.d" -MT"src/main.o" -o "src/main.o" "../src/main.c"
../src/main.c: In function 'main':
../src/main.c:17:25: warning: pointer targets in passing argument 3 of 'OLED_ShowString' differ in signedness [-Wpointer-sign]
   17 |    OLED_ShowString(0,0, "0");
      |                         ^~~
      |                         |
      |                         char *
In file included from ../src/main.c:7:
../src/oled.h:60:42: note: expected 'const u8 *' {aka 'const unsigned char *'} but argument is of type 'char *'
   60 | void OLED_ShowString(u8 x,u8 y,const u8 *p);
      |                                ~~~~~~~~~~^
../src/main.c:20:4: warning: implicit declaration of function 'sleep'; did you mean 'usleep'? [-Wimplicit-function-declaration]
   20 |    sleep(1);
      |    ^~~~~
      |    usleep
'Finished building: ../src/main.c'
' '
'Building target: test1.elf'
'Invoking: ARM v7 gcc linker'
arm-none-eabi-gcc -mcpu=cortex-a9 -mfpu=vfpv3 -mfloat-abi=hard -Wl,-build-id=none -specs=Xilinx.spec -Wl,-T -Wl,../src/lscript.ld -LE:/fpga_proj/ps/oled/vitis/oled/export/oled/sw/oled/standalone_domain/bsplib/lib -o "test1.elf"  ./src/main.o ./src/oled.o   -Wl,--start-group,-lxil,-lgcc,-lc,--end-group
'Finished building target: test1.elf'
' '
'Invoking: ARM v7 Print Size'
arm-none-eabi-size test1.elf  |tee "test1.elf.size"
   text	   data	    bss	    dec	    hex	filename
  46884	   2548	  23536	  72968	  11d08	test1.elf
'Finished building: test1.elf.size'
' '

19:24:14 Build Finished (took 669ms)

