17:49:09 **** Build of configuration Debug for project test2 ****
make all 
make --no-print-directory pre-build
a9-linaro-pre-build-step
' '
make --no-print-directory main-build
'Building file: ../src/main.c'
'Invoking: ARM v7 gcc compiler'
arm-none-eabi-gcc -Wall -O0 -g3 -c -fmessage-length=0 -MT"src/main.o" -mcpu=cortex-a9 -mfpu=vfpv3 -mfloat-abi=hard -IE:/fpga_proj/ps/mio_test/vitis/mio_test/export/mio_test/sw/mio_test/standalone_domain/bspinclude/include -MMD -MP -MF"src/main.d" -MT"src/main.o" -o "src/main.o" "../src/main.c"
'Finished building: ../src/main.c'
' '
'Building target: test2.elf'
'Invoking: ARM v7 gcc linker'
arm-none-eabi-gcc -mcpu=cortex-a9 -mfpu=vfpv3 -mfloat-abi=hard -Wl,-build-id=none -specs=Xilinx.spec -Wl,-T -Wl,../src/lscript.ld -LE:/fpga_proj/ps/mio_test/vitis/mio_test/export/mio_test/sw/mio_test/standalone_domain/bsplib/lib -o "test2.elf"  ./src/main.o   -Wl,--start-group,-lxil,-lgcc,-lc,--end-group
'Finished building target: test2.elf'
' '
'Invoking: ARM v7 Print Size'
arm-none-eabi-size test2.elf  |tee "test2.elf.size"
   text	   data	    bss	    dec	    hex	filename
  26484	   1152	  22616	  50252	   c44c	test2.elf
'Finished building: test2.elf.size'
' '

17:49:10 Build Finished (took 1s.129ms)

