10:33:57 **** Incremental Build of configuration Debug for project test0 ****
make all 
make --no-print-directory pre-build
a9-linaro-pre-build-step
' '
make --no-print-directory main-build
'Building file: ../src/main.c'
'Invoking: ARM v7 gcc compiler'
arm-none-eabi-gcc -Wall -O0 -g3 -c -fmessage-length=0 -MT"src/main.o" -mcpu=cortex-a9 -mfpu=vfpv3 -mfloat-abi=hard -IE:/FPGA_DEMO/zedboard/hdmi_vdma/vitis/hdmi_vdma/export/hdmi_vdma/sw/hdmi_vdma/standalone_domain/bspinclude/include -MMD -MP -MF"src/main.d" -MT"src/main.o" -o "src/main.o" "../src/main.c"
'Finished building: ../src/main.c'
' '
'Building target: test0.elf'
'Invoking: ARM v7 gcc linker'
arm-none-eabi-gcc -mcpu=cortex-a9 -mfpu=vfpv3 -mfloat-abi=hard -Wl,-build-id=none -specs=Xilinx.spec -Wl,-T -Wl,../src/lscript.ld -LE:/FPGA_DEMO/zedboard/hdmi_vdma/vitis/hdmi_vdma/export/hdmi_vdma/sw/hdmi_vdma/standalone_domain/bsplib/lib -o "test0.elf"  ./src/main.o   -Wl,--start-group,-lxil,-lgcc,-lc,--end-group
'Finished building target: test0.elf'
' '
'Invoking: ARM v7 Print Size'
arm-none-eabi-size test0.elf  |tee "test0.elf.size"
   text	   data	    bss	    dec	    hex	filename
  18768	   1144	  22568	  42480	   a5f0	test0.elf
'Finished building: test0.elf.size'
' '

10:33:58 Build Finished (took 614ms)

