10:13:29 **** Incremental Build of configuration Release for project test1 ****
make all 
make --no-print-directory pre-build
a9-linaro-pre-build-step
' '
make --no-print-directory main-build
'Building file: ../src/main.c'
'Invoking: ARM v7 gcc compiler'
arm-none-eabi-gcc -Wall -O2 -c -fmessage-length=0 -MT"src/main.o" -mcpu=cortex-a9 -mfpu=vfpv3 -mfloat-abi=hard -IE:/FPGA_DEMO/zedboard/hdmi_vdma/vitis/hdmi_vdma/export/hdmi_vdma/sw/hdmi_vdma/standalone_domain/bspinclude/include -MMD -MP -MF"src/main.d" -MT"src/main.o" -o "src/main.o" "../src/main.c"
'Finished building: ../src/main.c'
' '
'Building target: test1.elf'
'Invoking: ARM v7 gcc linker'
arm-none-eabi-gcc -mcpu=cortex-a9 -mfpu=vfpv3 -mfloat-abi=hard -Wl,-build-id=none -specs=Xilinx.spec -Wl,-T -Wl,../src/lscript.ld -LE:/FPGA_DEMO/zedboard/hdmi_vdma/vitis/hdmi_vdma/export/hdmi_vdma/sw/hdmi_vdma/standalone_domain/bsplib/lib -o "test1.elf"  ./src/main.o   -Wl,--start-group,-lxil,-lgcc,-lc,--end-group
'Finished building target: test1.elf'
' '
'Invoking: ARM v7 Print Size'
arm-none-eabi-size test1.elf  |tee "test1.elf.size"
   text	   data	    bss	    dec	    hex	filename
  18628	   1144	  22568	  42340	   a564	test1.elf
'Finished building: test1.elf.size'
' '

10:13:30 Build Finished (took 624ms)

