21:26:36 **** Build of configuration Debug for project xaxivdma_example_selftest_1 ****
make all 
make --no-print-directory pre-build
a9-linaro-pre-build-step
' '
make --no-print-directory main-build
'Building file: ../src/xaxivdma_example_selftest.c'
'Invoking: ARM v7 gcc compiler'
arm-none-eabi-gcc -Wall -O0 -g3 -c -fmessage-length=0 -MT"src/xaxivdma_example_selftest.o" -mcpu=cortex-a9 -mfpu=vfpv3 -mfloat-abi=hard -IE:/FPGA_DEMO/zedboard/hdmi_vdma/vitis/hdmi/export/hdmi/sw/hdmi/standalone_domain/bspinclude/include -MMD -MP -MF"src/xaxivdma_example_selftest.d" -MT"src/xaxivdma_example_selftest.o" -o "src/xaxivdma_example_selftest.o" "../src/xaxivdma_example_selftest.c"
'Finished building: ../src/xaxivdma_example_selftest.c'
' '
'Building target: xaxivdma_example_selftest_1.elf'
'Invoking: ARM v7 gcc linker'
arm-none-eabi-gcc -mcpu=cortex-a9 -mfpu=vfpv3 -mfloat-abi=hard -Wl,-build-id=none -specs=Xilinx.spec -Wl,-T -Wl,../src/lscript.ld -LE:/FPGA_DEMO/zedboard/hdmi_vdma/vitis/hdmi/export/hdmi/sw/hdmi/standalone_domain/bsplib/lib -o "xaxivdma_example_selftest_1.elf"  ./src/xaxivdma_example_selftest.o   -Wl,--start-group,-lxil,-lgcc,-lc,--end-group
'Finished building target: xaxivdma_example_selftest_1.elf'
' '
'Invoking: ARM v7 Print Size'
arm-none-eabi-size xaxivdma_example_selftest_1.elf  |tee "xaxivdma_example_selftest_1.elf.size"
   text	   data	    bss	    dec	    hex	filename
  28592	   1272	  25008	  54872	   d658	xaxivdma_example_selftest_1.elf
'Finished building: xaxivdma_example_selftest_1.elf.size'
' '

21:26:37 Build Finished (took 920ms)

